// Vitest Snapshot v1, https://vitest.dev/guide/snapshot.html

exports[`反转字符串 1`] = `"tset"`;
